[INFO] Scanning for projects...
[INFO] 
[INFO] ---------------------< spe.calculator:calculator >----------------------
[INFO] Building calculator 1.0-SNAPSHOT
[INFO] --------------------------------[ jar ]---------------------------------
[INFO] 
[INFO] --- maven-clean-plugin:2.5:clean (default-clean) @ calculator ---
[INFO] Deleting /home/amadeus/Desktop/SPE/calculator/target
[INFO] 
[INFO] --- maven-resources-plugin:2.6:resources (default-resources) @ calculator ---
[WARNING] Using platform encoding (UTF-8 actually) to copy filtered resources, i.e. build is platform dependent!
[INFO] Copying 1 resource to /home/amadeus/Desktop/SPE/calculator/target
[INFO] 
[INFO] --- maven-compiler-plugin:3.1:compile (default-compile) @ calculator ---
[INFO] Changes detected - recompiling the module!
[WARNING] File encoding has not been set, using platform encoding UTF-8, i.e. build is platform dependent!
[INFO] Compiling 1 source file to /home/amadeus/Desktop/SPE/calculator/target/classes
[INFO] 
[INFO] --- maven-resources-plugin:2.6:resources (default-resources) @ calculator ---
[WARNING] Using platform encoding (UTF-8 actually) to copy filtered resources, i.e. build is platform dependent!
[INFO] Copying 1 resource to /home/amadeus/Desktop/SPE/calculator/target
[INFO] 
[INFO] --- maven-compiler-plugin:3.1:compile (default-compile) @ calculator ---
[INFO] Nothing to compile - all classes are up to date
[INFO] 
[INFO] --- maven-resources-plugin:2.6:testResources (default-testResources) @ calculator ---
[WARNING] Using platform encoding (UTF-8 actually) to copy filtered resources, i.e. build is platform dependent!
[INFO] skip non existing resourceDirectory /home/amadeus/Desktop/SPE/calculator/src/test/resources
[INFO] 
[INFO] --- maven-compiler-plugin:3.1:testCompile (default-testCompile) @ calculator ---
[INFO] Changes detected - recompiling the module!
[WARNING] File encoding has not been set, using platform encoding UTF-8, i.e. build is platform dependent!
[INFO] Compiling 1 source file to /home/amadeus/Desktop/SPE/calculator/target/test-classes
[INFO] 
[INFO] --- maven-surefire-plugin:2.12.4:test (default-test) @ calculator ---
[INFO] Surefire report directory: /home/amadeus/Desktop/SPE/calculator/target/surefire-reports

-------------------------------------------------------
 T E S T S
-------------------------------------------------------
Running CalcTest

Result: 120


Result: 1596.0


Result: 75.0


Result: 0.999896315728952


Result: 0.2261904761904762


Result: 4.0


Result: 256.0


Result: -41.0

Tests run: 8, Failures: 0, Errors: 0, Skipped: 0, Time elapsed: 0.598 sec

Results :

Tests run: 8, Failures: 0, Errors: 0, Skipped: 0

[INFO] 
[INFO] --- maven-jar-plugin:2.4:jar (default-jar) @ calculator ---
[INFO] Building jar: /home/amadeus/Desktop/SPE/calculator/target/calculator-1.0-SNAPSHOT.jar
[INFO] 
[INFO] --- maven-assembly-plugin:3.3.0:single (default) @ calculator ---
[INFO] Building jar: /home/amadeus/Desktop/SPE/calculator/target/calculator-1.0-SNAPSHOT-jar-with-dependencies.jar
[INFO] 
[INFO] --- maven-install-plugin:2.4:install (default-install) @ calculator ---
[INFO] Installing /home/amadeus/Desktop/SPE/calculator/target/calculator-1.0-SNAPSHOT.jar to /home/amadeus/.m2/repository/spe/calculator/calculator/1.0-SNAPSHOT/calculator-1.0-SNAPSHOT.jar
[INFO] Installing /home/amadeus/Desktop/SPE/calculator/pom.xml to /home/amadeus/.m2/repository/spe/calculator/calculator/1.0-SNAPSHOT/calculator-1.0-SNAPSHOT.pom
[INFO] Installing /home/amadeus/Desktop/SPE/calculator/target/calculator-1.0-SNAPSHOT-jar-with-dependencies.jar to /home/amadeus/.m2/repository/spe/calculator/calculator/1.0-SNAPSHOT/calculator-1.0-SNAPSHOT-jar-with-dependencies.jar
[INFO] ------------------------------------------------------------------------
[INFO] BUILD SUCCESS
[INFO] ------------------------------------------------------------------------
[INFO] Total time:  5.169 s
[INFO] Finished at: 2023-11-07T22:08:15+05:30
[INFO] ------------------------------------------------------------------------
